// Jest Snapshot v1, https://goo.gl/fbAQLP

exports[`(Container) TradeFinalizer will receive right actions 1`] = `
Object {
  "actions": Object {},
}
`;

exports[`(Container) TradeFinalizer will receive right props 1`] = `Object {}`;
